// Jest Snapshot v1, https://jestjs.io/docs/snapshot-testing

exports[`Chart should match a snapshot 1`] = `
<DocumentFragment>
  <div>
    Chart Component
  </div>
</DocumentFragment>
`;
