// Jest Snapshot v1, https://jestjs.io/docs/snapshot-testing

exports[`Home should match a snapshot 1`] = `
<DocumentFragment>
  <div>
    Home Component
  </div>
</DocumentFragment>
`;
