// Jest Snapshot v1, https://jestjs.io/docs/snapshot-testing

exports[`MonthTotals should render list of month totals 1`] = `
<DocumentFragment>
  <div>
    MonthTotals Component
  </div>
</DocumentFragment>
`;
