// Jest Snapshot v1, https://jestjs.io/docs/snapshot-testing

exports[`Navbar should match a snapshot 1`] = `
<DocumentFragment>
  <div>
    Navbar Component
  </div>
</DocumentFragment>
`;
