// Jest Snapshot v1, https://jestjs.io/docs/snapshot-testing

exports[`TrackingForm should match a snapshot 1`] = `
<DocumentFragment>
  <form
    class="sc-bRKDuR itjdjq"
  >
    <div
      class="MuiFormControl-root MuiTextField-root sc-hvigdm cDiwQx css-1xp5r68-MuiFormControl-root-MuiTextField-root"
    >
      <label
        class="MuiFormLabel-root MuiInputLabel-root MuiInputLabel-formControl MuiInputLabel-animated MuiInputLabel-outlined MuiFormLabel-colorPrimary MuiInputLabel-root MuiInputLabel-formControl MuiInputLabel-animated MuiInputLabel-outlined css-19qnlrw-MuiFormLabel-root-MuiInputLabel-root"
        data-shrink="false"
        for="date"
        id="date-label"
      >
        Date
      </label>
      <div
        class="MuiInputBase-root MuiOutlinedInput-root MuiInputBase-colorPrimary MuiInputBase-formControl css-quhxjy-MuiInputBase-root-MuiOutlinedInput-root"
      >
        <input
          aria-invalid="false"
          class="MuiInputBase-input MuiOutlinedInput-input css-16wblaj-MuiInputBase-input-MuiOutlinedInput-input"
          id="date"
          name="date"
          type="date"
          value=""
        />
        <fieldset
          aria-hidden="true"
          class="MuiOutlinedInput-notchedOutline css-18p5xg2-MuiNotchedOutlined-root-MuiOutlinedInput-notchedOutline"
        >
          <legend
            class="css-1n64csd-MuiNotchedOutlined-root"
          >
            <span>
              Date
            </span>
          </legend>
        </fieldset>
      </div>
    </div>
    <div
      class="MuiFormControl-root MuiTextField-root css-1xp5r68-MuiFormControl-root-MuiTextField-root"
    >
      <label
        class="MuiFormLabel-root MuiInputLabel-root MuiInputLabel-formControl MuiInputLabel-animated MuiInputLabel-outlined MuiFormLabel-colorPrimary MuiInputLabel-root MuiInputLabel-formControl MuiInputLabel-animated MuiInputLabel-outlined css-19qnlrw-MuiFormLabel-root-MuiInputLabel-root"
        data-shrink="false"
        for="«r1»"
        id="«r1»-label"
      >
        Category
      </label>
      <div
        class="MuiInputBase-root MuiOutlinedInput-root MuiInputBase-colorPrimary MuiInputBase-formControl MuiSelect-root css-quhxjy-MuiInputBase-root-MuiOutlinedInput-root"
      >
        <div
          aria-expanded="false"
          aria-haspopup="listbox"
          aria-labelledby="«r1»-label «r1»"
          class="MuiSelect-select MuiSelect-outlined MuiInputBase-input MuiOutlinedInput-input css-18jp67o-MuiNativeSelect-root-MuiSelect-select-MuiInputBase-input-MuiOutlinedInput-input"
          id="«r1»"
          role="combobox"
          tabindex="0"
        >
          <span
            aria-hidden="true"
            class="notranslate"
          >
            ​
          </span>
        </div>
        <input
          aria-hidden="true"
          aria-invalid="false"
          class="MuiSelect-nativeInput css-j0riat-MuiSelect-nativeInput"
          name="category"
          tabindex="-1"
          value=""
        />
        <svg
          aria-hidden="true"
          class="MuiSvgIcon-root MuiSvgIcon-fontSizeMedium MuiSelect-icon MuiSelect-iconOutlined css-1rfqz7c-MuiSvgIcon-root-MuiNativeSelect-root-MuiSelect-icon"
          data-testid="ArrowDropDownIcon"
          focusable="false"
          viewBox="0 0 24 24"
        >
          <path
            d="M7 10l5 5 5-5z"
          />
        </svg>
        <fieldset
          aria-hidden="true"
          class="MuiOutlinedInput-notchedOutline css-18p5xg2-MuiNotchedOutlined-root-MuiOutlinedInput-notchedOutline"
        >
          <legend
            class="css-1n64csd-MuiNotchedOutlined-root"
          >
            <span>
              Category
            </span>
          </legend>
        </fieldset>
      </div>
    </div>
    <div
      class="MuiFormControl-root MuiTextField-root css-1xp5r68-MuiFormControl-root-MuiTextField-root"
    >
      <label
        class="MuiFormLabel-root MuiInputLabel-root MuiInputLabel-formControl MuiInputLabel-animated MuiInputLabel-outlined MuiFormLabel-colorPrimary MuiInputLabel-root MuiInputLabel-formControl MuiInputLabel-animated MuiInputLabel-outlined css-19qnlrw-MuiFormLabel-root-MuiInputLabel-root"
        data-shrink="false"
        for="«r3»"
        id="«r3»-label"
      >
        Amount
      </label>
      <div
        class="MuiInputBase-root MuiOutlinedInput-root MuiInputBase-colorPrimary MuiInputBase-formControl css-quhxjy-MuiInputBase-root-MuiOutlinedInput-root"
      >
        <input
          aria-invalid="false"
          class="MuiInputBase-input MuiOutlinedInput-input css-16wblaj-MuiInputBase-input-MuiOutlinedInput-input"
          id="«r3»"
          name="amount"
          type="number"
          value=""
        />
        <fieldset
          aria-hidden="true"
          class="MuiOutlinedInput-notchedOutline css-18p5xg2-MuiNotchedOutlined-root-MuiOutlinedInput-notchedOutline"
        >
          <legend
            class="css-1n64csd-MuiNotchedOutlined-root"
          >
            <span>
              Amount
            </span>
          </legend>
        </fieldset>
      </div>
    </div>
    <button
      class="MuiButtonBase-root MuiButton-root MuiButton-text MuiButton-textPrimary MuiButton-sizeMedium MuiButton-textSizeMedium MuiButton-colorPrimary MuiButton-root MuiButton-text MuiButton-textPrimary MuiButton-sizeMedium MuiButton-textSizeMedium MuiButton-colorPrimary css-1uent87-MuiButtonBase-root-MuiButton-root"
      tabindex="0"
      type="submit"
    >
      Add Expense
    </button>
  </form>
</DocumentFragment>
`;
